[Wed Mar 09 15:57:25.501435 2022] [php7:error] [pid 21273] [client 80.3.150.21:64889] PHP Fatal error:  Uncaught Error: Call to a member function bind_param() on bool in /var/www/vhosts/droddy03.webhosting6.eeecs.qub.ac.uk/httpdocs/top500API/api.php:169\nStack trace:\n#0 {main}\n  thrown in /var/www/vhosts/droddy03.webhosting6.eeecs.qub.ac.uk/httpdocs/top500API/api.php on line 169
[Wed Mar 09 15:57:25.684971 2022] [php7:notice] [pid 32650] [client 80.3.150.21:64890] PHP Notice:  Undefined index: yearFilterLimit in /var/www/vhosts/droddy03.webhosting6.eeecs.qub.ac.uk/httpdocs/top500API/api.php on line 202
[Wed Mar 09 15:57:25.685039 2022] [php7:notice] [pid 32650] [client 80.3.150.21:64890] PHP Notice:  Undefined index: limit in /var/www/vhosts/droddy03.webhosting6.eeecs.qub.ac.uk/httpdocs/top500API/api.php on line 204
[Wed Mar 09 15:57:25.685057 2022] [php7:notice] [pid 32650] [client 80.3.150.21:64890] PHP Notice:  Undefined index: initialPage in /var/www/vhosts/droddy03.webhosting6.eeecs.qub.ac.uk/httpdocs/top500API/api.php on line 205
[Wed Mar 09 15:57:25.686249 2022] [php7:error] [pid 32650] [client 80.3.150.21:64890] PHP Fatal error:  Uncaught Error: Call to a member function bind_param() on bool in /var/www/vhosts/droddy03.webhosting6.eeecs.qub.ac.uk/httpdocs/top500API/api.php:215\nStack trace:\n#0 {main}\n  thrown in /var/www/vhosts/droddy03.webhosting6.eeecs.qub.ac.uk/httpdocs/top500API/api.php on line 215
[Wed Mar 09 15:58:01.683474 2022] [php7:error] [pid 11027] [client 80.3.150.21:65040] PHP Fatal error:  Uncaught Error: Call to a member function bind_param() on bool in /var/www/vhosts/droddy03.webhosting6.eeecs.qub.ac.uk/httpdocs/top500API/api.php:169\nStack trace:\n#0 {main}\n  thrown in /var/www/vhosts/droddy03.webhosting6.eeecs.qub.ac.uk/httpdocs/top500API/api.php on line 169
[Wed Mar 09 15:58:01.902090 2022] [php7:notice] [pid 28790] [client 80.3.150.21:65041] PHP Notice:  Undefined index: yearFilterLimit in /var/www/vhosts/droddy03.webhosting6.eeecs.qub.ac.uk/httpdocs/top500API/api.php on line 202
[Wed Mar 09 15:58:01.902127 2022] [php7:notice] [pid 28790] [client 80.3.150.21:65041] PHP Notice:  Undefined index: limit in /var/www/vhosts/droddy03.webhosting6.eeecs.qub.ac.uk/httpdocs/top500API/api.php on line 204
[Wed Mar 09 15:58:01.902134 2022] [php7:notice] [pid 28790] [client 80.3.150.21:65041] PHP Notice:  Undefined index: initialPage in /var/www/vhosts/droddy03.webhosting6.eeecs.qub.ac.uk/httpdocs/top500API/api.php on line 205
[Wed Mar 09 15:58:01.902395 2022] [php7:error] [pid 28790] [client 80.3.150.21:65041] PHP Fatal error:  Uncaught Error: Call to a member function bind_param() on bool in /var/www/vhosts/droddy03.webhosting6.eeecs.qub.ac.uk/httpdocs/top500API/api.php:215\nStack trace:\n#0 {main}\n  thrown in /var/www/vhosts/droddy03.webhosting6.eeecs.qub.ac.uk/httpdocs/top500API/api.php on line 215
[Wed Mar 09 15:58:03.634734 2022] [php7:error] [pid 11621] [client 80.3.150.21:65050] PHP Fatal error:  Uncaught Error: Call to a member function bind_param() on bool in /var/www/vhosts/droddy03.webhosting6.eeecs.qub.ac.uk/httpdocs/top500API/api.php:169\nStack trace:\n#0 {main}\n  thrown in /var/www/vhosts/droddy03.webhosting6.eeecs.qub.ac.uk/httpdocs/top500API/api.php on line 169
[Wed Mar 09 15:58:03.977445 2022] [php7:notice] [pid 28119] [client 80.3.150.21:65051] PHP Notice:  Undefined index: yearFilterLimit in /var/www/vhosts/droddy03.webhosting6.eeecs.qub.ac.uk/httpdocs/top500API/api.php on line 202
[Wed Mar 09 15:58:03.977475 2022] [php7:notice] [pid 28119] [client 80.3.150.21:65051] PHP Notice:  Undefined index: limit in /var/www/vhosts/droddy03.webhosting6.eeecs.qub.ac.uk/httpdocs/top500API/api.php on line 204
[Wed Mar 09 15:58:03.977482 2022] [php7:notice] [pid 28119] [client 80.3.150.21:65051] PHP Notice:  Undefined index: initialPage in /var/www/vhosts/droddy03.webhosting6.eeecs.qub.ac.uk/httpdocs/top500API/api.php on line 205
[Wed Mar 09 15:58:03.977726 2022] [php7:error] [pid 28119] [client 80.3.150.21:65051] PHP Fatal error:  Uncaught Error: Call to a member function bind_param() on bool in /var/www/vhosts/droddy03.webhosting6.eeecs.qub.ac.uk/httpdocs/top500API/api.php:215\nStack trace:\n#0 {main}\n  thrown in /var/www/vhosts/droddy03.webhosting6.eeecs.qub.ac.uk/httpdocs/top500API/api.php on line 215
[Wed Mar 09 15:58:07.862544 2022] [php7:error] [pid 22436] [client 80.3.150.21:65075] PHP Fatal error:  Uncaught Error: Call to a member function bind_param() on bool in /var/www/vhosts/droddy03.webhosting6.eeecs.qub.ac.uk/httpdocs/top500API/api.php:169\nStack trace:\n#0 {main}\n  thrown in /var/www/vhosts/droddy03.webhosting6.eeecs.qub.ac.uk/httpdocs/top500API/api.php on line 169
[Wed Mar 09 15:58:08.042493 2022] [php7:notice] [pid 11029] [client 80.3.150.21:65076] PHP Notice:  Undefined index: yearFilterLimit in /var/www/vhosts/droddy03.webhosting6.eeecs.qub.ac.uk/httpdocs/top500API/api.php on line 202
[Wed Mar 09 15:58:08.042564 2022] [php7:notice] [pid 11029] [client 80.3.150.21:65076] PHP Notice:  Undefined index: limit in /var/www/vhosts/droddy03.webhosting6.eeecs.qub.ac.uk/httpdocs/top500API/api.php on line 204
[Wed Mar 09 15:58:08.042581 2022] [php7:notice] [pid 11029] [client 80.3.150.21:65076] PHP Notice:  Undefined index: initialPage in /var/www/vhosts/droddy03.webhosting6.eeecs.qub.ac.uk/httpdocs/top500API/api.php on line 205
[Wed Mar 09 15:58:08.043141 2022] [php7:error] [pid 11029] [client 80.3.150.21:65076] PHP Fatal error:  Uncaught Error: Call to a member function bind_param() on bool in /var/www/vhosts/droddy03.webhosting6.eeecs.qub.ac.uk/httpdocs/top500API/api.php:215\nStack trace:\n#0 {main}\n  thrown in /var/www/vhosts/droddy03.webhosting6.eeecs.qub.ac.uk/httpdocs/top500API/api.php on line 215
[Wed Mar 09 15:59:14.876227 2022] [php7:error] [pid 11027] [client 80.3.150.21:65354] PHP Fatal error:  Uncaught Error: Call to a member function bind_param() on bool in /var/www/vhosts/droddy03.webhosting6.eeecs.qub.ac.uk/httpdocs/top500API/api.php:169\nStack trace:\n#0 {main}\n  thrown in /var/www/vhosts/droddy03.webhosting6.eeecs.qub.ac.uk/httpdocs/top500API/api.php on line 169
[Wed Mar 09 15:59:15.049663 2022] [php7:notice] [pid 28790] [client 80.3.150.21:65356] PHP Notice:  Undefined index: yearFilterLimit in /var/www/vhosts/droddy03.webhosting6.eeecs.qub.ac.uk/httpdocs/top500API/api.php on line 202
[Wed Mar 09 15:59:15.050367 2022] [php7:notice] [pid 28790] [client 80.3.150.21:65356] PHP Notice:  Undefined index: limit in /var/www/vhosts/droddy03.webhosting6.eeecs.qub.ac.uk/httpdocs/top500API/api.php on line 204
[Wed Mar 09 15:59:15.050392 2022] [php7:notice] [pid 28790] [client 80.3.150.21:65356] PHP Notice:  Undefined index: initialPage in /var/www/vhosts/droddy03.webhosting6.eeecs.qub.ac.uk/httpdocs/top500API/api.php on line 205
[Wed Mar 09 15:59:15.051040 2022] [php7:error] [pid 28790] [client 80.3.150.21:65356] PHP Fatal error:  Uncaught Error: Call to a member function bind_param() on bool in /var/www/vhosts/droddy03.webhosting6.eeecs.qub.ac.uk/httpdocs/top500API/api.php:215\nStack trace:\n#0 {main}\n  thrown in /var/www/vhosts/droddy03.webhosting6.eeecs.qub.ac.uk/httpdocs/top500API/api.php on line 215
[Wed Mar 09 15:59:19.017932 2022] [php7:error] [pid 28119] [client 80.3.150.21:65376] PHP Fatal error:  Uncaught Error: Call to a member function bind_param() on bool in /var/www/vhosts/droddy03.webhosting6.eeecs.qub.ac.uk/httpdocs/top500API/api.php:169\nStack trace:\n#0 {main}\n  thrown in /var/www/vhosts/droddy03.webhosting6.eeecs.qub.ac.uk/httpdocs/top500API/api.php on line 169
[Wed Mar 09 15:59:19.196351 2022] [php7:notice] [pid 21279] [client 80.3.150.21:65381] PHP Notice:  Undefined index: yearFilterLimit in /var/www/vhosts/droddy03.webhosting6.eeecs.qub.ac.uk/httpdocs/top500API/api.php on line 202
[Wed Mar 09 15:59:19.196417 2022] [php7:notice] [pid 21279] [client 80.3.150.21:65381] PHP Notice:  Undefined index: limit in /var/www/vhosts/droddy03.webhosting6.eeecs.qub.ac.uk/httpdocs/top500API/api.php on line 204
[Wed Mar 09 15:59:19.196434 2022] [php7:notice] [pid 21279] [client 80.3.150.21:65381] PHP Notice:  Undefined index: initialPage in /var/www/vhosts/droddy03.webhosting6.eeecs.qub.ac.uk/httpdocs/top500API/api.php on line 205
[Wed Mar 09 15:59:19.196950 2022] [php7:error] [pid 21279] [client 80.3.150.21:65381] PHP Fatal error:  Uncaught Error: Call to a member function bind_param() on bool in /var/www/vhosts/droddy03.webhosting6.eeecs.qub.ac.uk/httpdocs/top500API/api.php:215\nStack trace:\n#0 {main}\n  thrown in /var/www/vhosts/droddy03.webhosting6.eeecs.qub.ac.uk/httpdocs/top500API/api.php on line 215
[Wed Mar 09 16:00:55.514051 2022] [php7:error] [pid 21273] [client 80.3.150.21:49400] PHP Fatal error:  Uncaught Error: Call to a member function bind_param() on bool in /var/www/vhosts/droddy03.webhosting6.eeecs.qub.ac.uk/httpdocs/top500API/api.php:169\nStack trace:\n#0 {main}\n  thrown in /var/www/vhosts/droddy03.webhosting6.eeecs.qub.ac.uk/httpdocs/top500API/api.php on line 169
[Wed Mar 09 16:00:55.688644 2022] [php7:notice] [pid 11027] [client 80.3.150.21:49403] PHP Notice:  Undefined index: yearFilterLimit in /var/www/vhosts/droddy03.webhosting6.eeecs.qub.ac.uk/httpdocs/top500API/api.php on line 202
[Wed Mar 09 16:00:55.688710 2022] [php7:notice] [pid 11027] [client 80.3.150.21:49403] PHP Notice:  Undefined index: limit in /var/www/vhosts/droddy03.webhosting6.eeecs.qub.ac.uk/httpdocs/top500API/api.php on line 204
[Wed Mar 09 16:00:55.688729 2022] [php7:notice] [pid 11027] [client 80.3.150.21:49403] PHP Notice:  Undefined index: initialPage in /var/www/vhosts/droddy03.webhosting6.eeecs.qub.ac.uk/httpdocs/top500API/api.php on line 205
[Wed Mar 09 16:00:55.689401 2022] [php7:error] [pid 11027] [client 80.3.150.21:49403] PHP Fatal error:  Uncaught Error: Call to a member function bind_param() on bool in /var/www/vhosts/droddy03.webhosting6.eeecs.qub.ac.uk/httpdocs/top500API/api.php:215\nStack trace:\n#0 {main}\n  thrown in /var/www/vhosts/droddy03.webhosting6.eeecs.qub.ac.uk/httpdocs/top500API/api.php on line 215
[Wed Mar 09 16:02:44.980242 2022] [php7:error] [pid 21279] [client 80.3.150.21:49959] PHP Fatal error:  Uncaught Error: Call to a member function bind_param() on bool in /var/www/vhosts/droddy03.webhosting6.eeecs.qub.ac.uk/httpdocs/top500API/api.php:169\nStack trace:\n#0 {main}\n  thrown in /var/www/vhosts/droddy03.webhosting6.eeecs.qub.ac.uk/httpdocs/top500API/api.php on line 169
[Wed Mar 09 16:02:45.158845 2022] [php7:notice] [pid 32650] [client 80.3.150.21:49962] PHP Notice:  Undefined index: yearFilterLimit in /var/www/vhosts/droddy03.webhosting6.eeecs.qub.ac.uk/httpdocs/top500API/api.php on line 202
[Wed Mar 09 16:02:45.158914 2022] [php7:notice] [pid 32650] [client 80.3.150.21:49962] PHP Notice:  Undefined index: limit in /var/www/vhosts/droddy03.webhosting6.eeecs.qub.ac.uk/httpdocs/top500API/api.php on line 204
[Wed Mar 09 16:02:45.158931 2022] [php7:notice] [pid 32650] [client 80.3.150.21:49962] PHP Notice:  Undefined index: initialPage in /var/www/vhosts/droddy03.webhosting6.eeecs.qub.ac.uk/httpdocs/top500API/api.php on line 205
[Wed Mar 09 16:02:45.159614 2022] [php7:error] [pid 32650] [client 80.3.150.21:49962] PHP Fatal error:  Uncaught Error: Call to a member function bind_param() on bool in /var/www/vhosts/droddy03.webhosting6.eeecs.qub.ac.uk/httpdocs/top500API/api.php:215\nStack trace:\n#0 {main}\n  thrown in /var/www/vhosts/droddy03.webhosting6.eeecs.qub.ac.uk/httpdocs/top500API/api.php on line 215
[Wed Mar 09 16:12:01.017119 2022] [php7:notice] [pid 11621] [client 80.3.150.21:52410] PHP Notice:  Undefined index: yearFilterLimit in /var/www/vhosts/droddy03.webhosting6.eeecs.qub.ac.uk/httpdocs/top500API/api.php on line 200
[Wed Mar 09 16:12:01.017201 2022] [php7:notice] [pid 11621] [client 80.3.150.21:52410] PHP Notice:  Undefined index: limit in /var/www/vhosts/droddy03.webhosting6.eeecs.qub.ac.uk/httpdocs/top500API/api.php on line 202
[Wed Mar 09 16:12:01.017222 2022] [php7:notice] [pid 11621] [client 80.3.150.21:52410] PHP Notice:  Undefined index: initialPage in /var/www/vhosts/droddy03.webhosting6.eeecs.qub.ac.uk/httpdocs/top500API/api.php on line 203
[Wed Mar 09 16:12:01.017750 2022] [php7:error] [pid 11621] [client 80.3.150.21:52410] PHP Fatal error:  Uncaught Error: Call to a member function bind_param() on bool in /var/www/vhosts/droddy03.webhosting6.eeecs.qub.ac.uk/httpdocs/top500API/api.php:213\nStack trace:\n#0 {main}\n  thrown in /var/www/vhosts/droddy03.webhosting6.eeecs.qub.ac.uk/httpdocs/top500API/api.php on line 213
[Wed Mar 09 16:12:03.187573 2022] [php7:notice] [pid 28119] [client 80.3.150.21:52420] PHP Notice:  Undefined index: yearFilterLimit in /var/www/vhosts/droddy03.webhosting6.eeecs.qub.ac.uk/httpdocs/top500API/api.php on line 200
[Wed Mar 09 16:12:03.187638 2022] [php7:notice] [pid 28119] [client 80.3.150.21:52420] PHP Notice:  Undefined index: limit in /var/www/vhosts/droddy03.webhosting6.eeecs.qub.ac.uk/httpdocs/top500API/api.php on line 202
[Wed Mar 09 16:12:03.187659 2022] [php7:notice] [pid 28119] [client 80.3.150.21:52420] PHP Notice:  Undefined index: initialPage in /var/www/vhosts/droddy03.webhosting6.eeecs.qub.ac.uk/httpdocs/top500API/api.php on line 203
[Wed Mar 09 16:12:03.188206 2022] [php7:error] [pid 28119] [client 80.3.150.21:52420] PHP Fatal error:  Uncaught Error: Call to a member function bind_param() on bool in /var/www/vhosts/droddy03.webhosting6.eeecs.qub.ac.uk/httpdocs/top500API/api.php:213\nStack trace:\n#0 {main}\n  thrown in /var/www/vhosts/droddy03.webhosting6.eeecs.qub.ac.uk/httpdocs/top500API/api.php on line 213
[Wed Mar 09 16:13:05.055134 2022] [php7:notice] [pid 22436] [client 80.3.150.21:52684] PHP Notice:  Undefined index: yearFilterLimit in /var/www/vhosts/droddy03.webhosting6.eeecs.qub.ac.uk/httpdocs/top500API/api.php on line 200
[Wed Mar 09 16:13:05.055217 2022] [php7:notice] [pid 22436] [client 80.3.150.21:52684] PHP Notice:  Undefined index: limit in /var/www/vhosts/droddy03.webhosting6.eeecs.qub.ac.uk/httpdocs/top500API/api.php on line 202
[Wed Mar 09 16:13:05.055236 2022] [php7:notice] [pid 22436] [client 80.3.150.21:52684] PHP Notice:  Undefined index: initialPage in /var/www/vhosts/droddy03.webhosting6.eeecs.qub.ac.uk/httpdocs/top500API/api.php on line 203
[Wed Mar 09 16:13:05.055776 2022] [php7:error] [pid 22436] [client 80.3.150.21:52684] PHP Fatal error:  Uncaught Error: Call to a member function bind_param() on bool in /var/www/vhosts/droddy03.webhosting6.eeecs.qub.ac.uk/httpdocs/top500API/api.php:213\nStack trace:\n#0 {main}\n  thrown in /var/www/vhosts/droddy03.webhosting6.eeecs.qub.ac.uk/httpdocs/top500API/api.php on line 213
[Wed Mar 09 16:15:05.061050 2022] [php7:notice] [pid 28790] [client 80.3.150.21:53288] PHP Notice:  Undefined index: yearFilterLimit in /var/www/vhosts/droddy03.webhosting6.eeecs.qub.ac.uk/httpdocs/top500API/api.php on line 200
[Wed Mar 09 16:15:05.061092 2022] [php7:notice] [pid 28790] [client 80.3.150.21:53288] PHP Notice:  Undefined index: limit in /var/www/vhosts/droddy03.webhosting6.eeecs.qub.ac.uk/httpdocs/top500API/api.php on line 202
[Wed Mar 09 16:15:05.061099 2022] [php7:notice] [pid 28790] [client 80.3.150.21:53288] PHP Notice:  Undefined index: initialPage in /var/www/vhosts/droddy03.webhosting6.eeecs.qub.ac.uk/httpdocs/top500API/api.php on line 203
[Wed Mar 09 16:15:05.062000 2022] [php7:notice] [pid 28790] [client 80.3.150.21:53288] 
[Wed Mar 09 16:17:21.505564 2022] [php7:notice] [pid 32650] [client 80.3.150.21:53964] 
[Wed Mar 09 16:17:25.189504 2022] [php7:notice] [pid 22436] [client 80.3.150.21:53983] 
[Wed Mar 09 18:08:42.141931 2022] [php7:notice] [pid 11027] [client 143.117.101.152:57554] 
[Wed Mar 09 18:08:42.144263 2022] [php7:error] [pid 21169] [client 80.3.150.21:59247] PHP Fatal error:  Uncaught Error: Call to undefined function addToOwnedOrFavPrint() in /var/www/vhosts/droddy03.webhosting6.eeecs.qub.ac.uk/httpdocs/projectcode/php_web_pages/albumList.php:328\nStack trace:\n#0 {main}\n  thrown in /var/www/vhosts/droddy03.webhosting6.eeecs.qub.ac.uk/httpdocs/projectcode/php_web_pages/albumList.php on line 328, referer: http://droddy03.webhosting6.eeecs.qub.ac.uk/projectcode/php_web_pages/albumList.php?genreFilter=Rock
[Wed Mar 09 18:11:22.432196 2022] [php7:notice] [pid 32650] [client 80.3.150.21:60022] 
[Wed Mar 09 18:11:22.432272 2022] [php7:notice] [pid 32650] [client 80.3.150.21:60022] 
[Wed Mar 09 18:11:22.432555 2022] [php7:notice] [pid 32650] [client 80.3.150.21:60022] 
[Wed Mar 09 18:13:05.851237 2022] [php7:notice] [pid 21279] [client 143.117.101.152:57688] 
[Wed Mar 09 18:13:09.420737 2022] [php7:notice] [pid 28119] [client 143.117.101.152:57696] 
[Wed Mar 09 18:13:09.420785 2022] [php7:notice] [pid 28119] [client 143.117.101.152:57696] 
[Wed Mar 09 18:13:09.422987 2022] [php7:notice] [pid 28119] [client 143.117.101.152:57696] 
[Wed Mar 09 18:13:09.428247 2022] [php7:warn] [pid 11027] [client 80.3.150.21:60478] PHP Warning:  count(): Parameter must be an array or an object that implements Countable in /var/www/vhosts/droddy03.webhosting6.eeecs.qub.ac.uk/httpdocs/projectcode/php_web_pages/albumList.php on line 287, referer: http://droddy03.webhosting6.eeecs.qub.ac.uk/projectcode/php_web_pages/albumList.php?genreFilter=Rock
[Wed Mar 09 18:16:08.200245 2022] [php7:notice] [pid 21279] [client 143.117.101.152:58560] 
[Wed Mar 09 18:16:08.200273 2022] [php7:notice] [pid 21279] [client 143.117.101.152:58560] 
[Wed Mar 09 18:16:08.200371 2022] [php7:notice] [pid 21279] [client 143.117.101.152:58560] 
[Wed Mar 09 18:16:08.202806 2022] [php7:warn] [pid 28119] [client 80.3.150.21:61329] PHP Warning:  count(): Parameter must be an array or an object that implements Countable in /var/www/vhosts/droddy03.webhosting6.eeecs.qub.ac.uk/httpdocs/projectcode/php_web_pages/albumList.php on line 285, referer: http://droddy03.webhosting6.eeecs.qub.ac.uk/projectcode/php_web_pages/albumList.php?genreFilter=Rock
[Wed Mar 09 18:16:13.911116 2022] [php7:notice] [pid 11027] [client 143.117.101.152:58648] 
[Wed Mar 09 18:16:13.911143 2022] [php7:notice] [pid 11027] [client 143.117.101.152:58648] 
[Wed Mar 09 18:16:13.912671 2022] [php7:notice] [pid 11027] [client 143.117.101.152:58648] 
[Wed Mar 09 18:16:13.915190 2022] [php7:warn] [pid 21273] [client 80.3.150.21:61358] PHP Warning:  count(): Parameter must be an array or an object that implements Countable in /var/www/vhosts/droddy03.webhosting6.eeecs.qub.ac.uk/httpdocs/projectcode/php_web_pages/albumList.php on line 285, referer: http://droddy03.webhosting6.eeecs.qub.ac.uk/projectcode/php_web_pages/albumList.php?yearFilter=1965
[Wed Mar 09 18:17:49.950587 2022] [php7:notice] [pid 11029] [client 80.3.150.21:61872] PHP Notice:  Undefined variable: yearForFilter in /var/www/vhosts/droddy03.webhosting6.eeecs.qub.ac.uk/httpdocs/projectcode/php_web_pages/albumList.php on line 135, referer: http://droddy03.webhosting6.eeecs.qub.ac.uk/projectcode/php_web_pages/albumList.php?yearFilter=1965
[Wed Mar 09 18:17:49.950643 2022] [php7:notice] [pid 11029] [client 80.3.150.21:61872] PHP Notice:  Undefined variable: yearForFilter in /var/www/vhosts/droddy03.webhosting6.eeecs.qub.ac.uk/httpdocs/projectcode/php_web_pages/albumList.php on line 138, referer: http://droddy03.webhosting6.eeecs.qub.ac.uk/projectcode/php_web_pages/albumList.php?yearFilter=1965
[Wed Mar 09 18:17:49.983812 2022] [php7:notice] [pid 21273] [client 143.117.101.152:59004] 
[Wed Mar 09 18:17:49.983850 2022] [php7:notice] [pid 21273] [client 143.117.101.152:59004] 
[Wed Mar 09 18:17:49.986058 2022] [php7:notice] [pid 21273] [client 143.117.101.152:59004] 
[Wed Mar 09 18:17:49.991519 2022] [php7:warn] [pid 11029] [client 80.3.150.21:61872] PHP Warning:  count(): Parameter must be an array or an object that implements Countable in /var/www/vhosts/droddy03.webhosting6.eeecs.qub.ac.uk/httpdocs/projectcode/php_web_pages/albumList.php on line 283, referer: http://droddy03.webhosting6.eeecs.qub.ac.uk/projectcode/php_web_pages/albumList.php?yearFilter=1965
[Wed Mar 09 18:17:57.393787 2022] [php7:notice] [pid 28119] [client 80.3.150.21:61907] PHP Notice:  Undefined variable: yearForFilter in /var/www/vhosts/droddy03.webhosting6.eeecs.qub.ac.uk/httpdocs/projectcode/php_web_pages/albumList.php on line 135, referer: http://droddy03.webhosting6.eeecs.qub.ac.uk/projectcode/php_web_pages/albumList.php?yearFilter=1971
[Wed Mar 09 18:17:57.393853 2022] [php7:notice] [pid 28119] [client 80.3.150.21:61907] PHP Notice:  Undefined variable: yearForFilter in /var/www/vhosts/droddy03.webhosting6.eeecs.qub.ac.uk/httpdocs/projectcode/php_web_pages/albumList.php on line 138, referer: http://droddy03.webhosting6.eeecs.qub.ac.uk/projectcode/php_web_pages/albumList.php?yearFilter=1971
[Wed Mar 09 18:17:57.423219 2022] [php7:notice] [pid 11027] [client 143.117.101.152:59014] 
[Wed Mar 09 18:17:57.423265 2022] [php7:notice] [pid 11027] [client 143.117.101.152:59014] 
[Wed Mar 09 18:17:57.423419 2022] [php7:notice] [pid 11027] [client 143.117.101.152:59014] 
[Wed Mar 09 18:17:57.426803 2022] [php7:warn] [pid 28119] [client 80.3.150.21:61907] PHP Warning:  count(): Parameter must be an array or an object that implements Countable in /var/www/vhosts/droddy03.webhosting6.eeecs.qub.ac.uk/httpdocs/projectcode/php_web_pages/albumList.php on line 283, referer: http://droddy03.webhosting6.eeecs.qub.ac.uk/projectcode/php_web_pages/albumList.php?yearFilter=1971
[Wed Mar 09 18:17:59.175233 2022] [php7:notice] [pid 32650] [client 80.3.150.21:61922] PHP Notice:  Undefined variable: yearForFilter in /var/www/vhosts/droddy03.webhosting6.eeecs.qub.ac.uk/httpdocs/projectcode/php_web_pages/albumList.php on line 135, referer: http://droddy03.webhosting6.eeecs.qub.ac.uk/projectcode/php_web_pages/albumList.php?yearFilter=1992
[Wed Mar 09 18:17:59.175298 2022] [php7:notice] [pid 32650] [client 80.3.150.21:61922] PHP Notice:  Undefined variable: yearForFilter in /var/www/vhosts/droddy03.webhosting6.eeecs.qub.ac.uk/httpdocs/projectcode/php_web_pages/albumList.php on line 138, referer: http://droddy03.webhosting6.eeecs.qub.ac.uk/projectcode/php_web_pages/albumList.php?yearFilter=1992
[Wed Mar 09 18:17:59.206111 2022] [php7:notice] [pid 28790] [client 143.117.101.152:59024] 
[Wed Mar 09 18:17:59.206163 2022] [php7:notice] [pid 28790] [client 143.117.101.152:59024] 
[Wed Mar 09 18:17:59.206397 2022] [php7:notice] [pid 28790] [client 143.117.101.152:59024] 
[Wed Mar 09 18:17:59.210632 2022] [php7:warn] [pid 32650] [client 80.3.150.21:61922] PHP Warning:  count(): Parameter must be an array or an object that implements Countable in /var/www/vhosts/droddy03.webhosting6.eeecs.qub.ac.uk/httpdocs/projectcode/php_web_pages/albumList.php on line 283, referer: http://droddy03.webhosting6.eeecs.qub.ac.uk/projectcode/php_web_pages/albumList.php?yearFilter=1992
[Wed Mar 09 18:19:00.895879 2022] [php7:notice] [pid 28119] [client 143.117.101.152:59036] 
[Wed Mar 09 18:19:00.895927 2022] [php7:notice] [pid 28119] [client 143.117.101.152:59036] 
[Wed Mar 09 18:19:00.898838 2022] [php7:notice] [pid 28119] [client 143.117.101.152:59036] 
[Wed Mar 09 18:19:00.906124 2022] [php7:warn] [pid 32650] [client 80.3.150.21:62278] PHP Warning:  count(): Parameter must be an array or an object that implements Countable in /var/www/vhosts/droddy03.webhosting6.eeecs.qub.ac.uk/httpdocs/projectcode/php_web_pages/albumList.php on line 284, referer: http://droddy03.webhosting6.eeecs.qub.ac.uk/projectcode/php_web_pages/albumList.php?yearFilter=1992
[Wed Mar 09 18:19:05.752635 2022] [php7:notice] [pid 11027] [client 143.117.101.152:59046] 
[Wed Mar 09 18:19:05.752669 2022] [php7:notice] [pid 11027] [client 143.117.101.152:59046] 
[Wed Mar 09 18:19:05.754351 2022] [php7:notice] [pid 11027] [client 143.117.101.152:59046] 
[Wed Mar 09 18:19:05.758572 2022] [php7:warn] [pid 28790] [client 80.3.150.21:62309] PHP Warning:  count(): Parameter must be an array or an object that implements Countable in /var/www/vhosts/droddy03.webhosting6.eeecs.qub.ac.uk/httpdocs/projectcode/php_web_pages/albumList.php on line 284, referer: http://droddy03.webhosting6.eeecs.qub.ac.uk/projectcode/php_web_pages/albumList.php?yearFilter=1977
[Wed Mar 09 18:19:11.226627 2022] [php7:notice] [pid 11029] [client 143.117.101.152:59066] 
[Wed Mar 09 18:19:11.226669 2022] [php7:notice] [pid 11029] [client 143.117.101.152:59066] 
[Wed Mar 09 18:19:11.228701 2022] [php7:notice] [pid 11029] [client 143.117.101.152:59066] 
[Wed Mar 09 18:19:11.233309 2022] [php7:warn] [pid 32650] [client 80.3.150.21:62341] PHP Warning:  count(): Parameter must be an array or an object that implements Countable in /var/www/vhosts/droddy03.webhosting6.eeecs.qub.ac.uk/httpdocs/projectcode/php_web_pages/albumList.php on line 284, referer: http://droddy03.webhosting6.eeecs.qub.ac.uk/projectcode/php_web_pages/albumList.php
[Wed Mar 09 18:20:01.239501 2022] [php7:notice] [pid 21279] [client 143.117.101.152:59092] 
[Wed Mar 09 18:20:01.239550 2022] [php7:notice] [pid 21279] [client 143.117.101.152:59092] 
[Wed Mar 09 18:20:01.241682 2022] [php7:notice] [pid 21279] [client 143.117.101.152:59092] 
[Wed Mar 09 18:20:01.245967 2022] [php7:warn] [pid 21169] [client 80.3.150.21:62557] PHP Warning:  count(): Parameter must be an array or an object that implements Countable in /var/www/vhosts/droddy03.webhosting6.eeecs.qub.ac.uk/httpdocs/projectcode/php_web_pages/albumList.php on line 284, referer: http://droddy03.webhosting6.eeecs.qub.ac.uk/projectcode/php_web_pages/albumList.php?yearFilter=2010
[Wed Mar 09 18:22:13.725928 2022] [php7:notice] [pid 11029] [client 80.3.150.21:63214] 1973, referer: http://droddy03.webhosting6.eeecs.qub.ac.uk/projectcode/php_web_pages/albumList.php?yearFilter=2010
[Wed Mar 09 18:22:13.775341 2022] [php7:notice] [pid 21279] [client 143.117.101.152:59130] 
[Wed Mar 09 18:22:13.775364 2022] [php7:notice] [pid 21279] [client 143.117.101.152:59130] 
[Wed Mar 09 18:22:13.775444 2022] [php7:notice] [pid 21279] [client 143.117.101.152:59130] 
[Wed Mar 09 18:22:13.777806 2022] [php7:warn] [pid 11029] [client 80.3.150.21:63214] PHP Warning:  count(): Parameter must be an array or an object that implements Countable in /var/www/vhosts/droddy03.webhosting6.eeecs.qub.ac.uk/httpdocs/projectcode/php_web_pages/albumList.php on line 285, referer: http://droddy03.webhosting6.eeecs.qub.ac.uk/projectcode/php_web_pages/albumList.php?yearFilter=2010
[Wed Mar 09 18:22:16.943627 2022] [php7:notice] [pid 28790] [client 80.3.150.21:63234] 1967, referer: http://droddy03.webhosting6.eeecs.qub.ac.uk/projectcode/php_web_pages/albumList.php?yearFilter=1973
[Wed Mar 09 18:22:16.978411 2022] [php7:notice] [pid 21279] [client 143.117.101.152:59140] 
[Wed Mar 09 18:22:16.978446 2022] [php7:notice] [pid 21279] [client 143.117.101.152:59140] 
[Wed Mar 09 18:22:16.980240 2022] [php7:notice] [pid 21279] [client 143.117.101.152:59140] 
[Wed Mar 09 18:22:16.984226 2022] [php7:warn] [pid 28790] [client 80.3.150.21:63234] PHP Warning:  count(): Parameter must be an array or an object that implements Countable in /var/www/vhosts/droddy03.webhosting6.eeecs.qub.ac.uk/httpdocs/projectcode/php_web_pages/albumList.php on line 285, referer: http://droddy03.webhosting6.eeecs.qub.ac.uk/projectcode/php_web_pages/albumList.php?yearFilter=1973
[Wed Mar 09 18:22:18.965397 2022] [php7:notice] [pid 28119] [client 80.3.150.21:63246] 2002, referer: http://droddy03.webhosting6.eeecs.qub.ac.uk/projectcode/php_web_pages/albumList.php?yearFilter=1967
[Wed Mar 09 18:22:18.999192 2022] [php7:notice] [pid 11027] [client 143.117.101.152:59150] 
[Wed Mar 09 18:22:18.999242 2022] [php7:notice] [pid 11027] [client 143.117.101.152:59150] 
[Wed Mar 09 18:22:19.002110 2022] [php7:notice] [pid 11027] [client 143.117.101.152:59150] 
[Wed Mar 09 18:22:19.005537 2022] [php7:warn] [pid 28119] [client 80.3.150.21:63246] PHP Warning:  count(): Parameter must be an array or an object that implements Countable in /var/www/vhosts/droddy03.webhosting6.eeecs.qub.ac.uk/httpdocs/projectcode/php_web_pages/albumList.php on line 285, referer: http://droddy03.webhosting6.eeecs.qub.ac.uk/projectcode/php_web_pages/albumList.php?yearFilter=1967
[Wed Mar 09 18:25:04.411122 2022] [php7:notice] [pid 11027] [client 80.3.150.21:64146] 2002, referer: http://droddy03.webhosting6.eeecs.qub.ac.uk/projectcode/php_web_pages/albumList.php?yearFilter=1967
[Wed Mar 09 18:25:04.426423 2022] [php7:notice] [pid 11029] [client 143.117.101.152:59160] 
[Wed Mar 09 18:25:04.426445 2022] [php7:notice] [pid 11029] [client 143.117.101.152:59160] 
[Wed Mar 09 18:25:04.426563 2022] [php7:notice] [pid 11029] [client 143.117.101.152:59160] 
[Wed Mar 09 18:25:04.426572 2022] [php7:notice] [pid 11029] [client 143.117.101.152:59160] 
[Wed Mar 09 18:25:04.504531 2022] [php7:notice] [pid 21273] [client 143.117.101.152:59164] 
[Wed Mar 09 18:25:04.504557 2022] [php7:notice] [pid 21273] [client 143.117.101.152:59164] 
[Wed Mar 09 18:25:04.504652 2022] [php7:notice] [pid 21273] [client 143.117.101.152:59164] 
[Wed Mar 09 18:25:04.506956 2022] [php7:warn] [pid 11027] [client 80.3.150.21:64146] PHP Warning:  count(): Parameter must be an array or an object that implements Countable in /var/www/vhosts/droddy03.webhosting6.eeecs.qub.ac.uk/httpdocs/projectcode/php_web_pages/albumList.php on line 285, referer: http://droddy03.webhosting6.eeecs.qub.ac.uk/projectcode/php_web_pages/albumList.php?yearFilter=1967
[Wed Mar 09 18:25:10.509085 2022] [php7:notice] [pid 11029] [client 143.117.101.152:59176] 
[Wed Mar 09 18:25:12.816256 2022] [php7:notice] [pid 27550] [client 80.3.150.21:64195] 1962, referer: http://droddy03.webhosting6.eeecs.qub.ac.uk/projectcode/php_web_pages/albumList.php?pageNumber=1&genreFilter=Pop
[Wed Mar 09 18:25:12.849238 2022] [php7:notice] [pid 28119] [client 143.117.101.152:59180] 
[Wed Mar 09 18:25:12.849300 2022] [php7:notice] [pid 28119] [client 143.117.101.152:59180] 
[Wed Mar 09 18:25:12.852493 2022] [php7:notice] [pid 28119] [client 143.117.101.152:59180] 
[Wed Mar 09 18:25:12.852529 2022] [php7:notice] [pid 28119] [client 143.117.101.152:59180] 
[Wed Mar 09 18:25:12.874356 2022] [php7:notice] [pid 21279] [client 143.117.101.152:59184] 
[Wed Mar 09 18:25:12.874409 2022] [php7:notice] [pid 21279] [client 143.117.101.152:59184] 
[Wed Mar 09 18:25:12.877296 2022] [php7:notice] [pid 21279] [client 143.117.101.152:59184] 
[Wed Mar 09 18:25:12.884527 2022] [php7:warn] [pid 27550] [client 80.3.150.21:64195] PHP Warning:  count(): Parameter must be an array or an object that implements Countable in /var/www/vhosts/droddy03.webhosting6.eeecs.qub.ac.uk/httpdocs/projectcode/php_web_pages/albumList.php on line 285, referer: http://droddy03.webhosting6.eeecs.qub.ac.uk/projectcode/php_web_pages/albumList.php?pageNumber=1&genreFilter=Pop
[Wed Mar 09 18:30:01.424744 2022] [php7:notice] [pid 32650] [client 80.3.150.21:49159] YEAR FOR FILTER: , referer: http://droddy03.webhosting6.eeecs.qub.ac.uk/projectcode/php_web_pages/albumList.php?yearFilter=1962
[Wed Mar 09 18:30:01.424795 2022] [php7:notice] [pid 32650] [client 80.3.150.21:49159] 1984, referer: http://droddy03.webhosting6.eeecs.qub.ac.uk/projectcode/php_web_pages/albumList.php?yearFilter=1962
[Wed Mar 09 18:30:01.438308 2022] [php7:notice] [pid 22436] [client 143.117.101.152:49052] 
[Wed Mar 09 18:30:01.438362 2022] [php7:notice] [pid 22436] [client 143.117.101.152:49052] 
[Wed Mar 09 18:30:01.441588 2022] [php7:notice] [pid 22436] [client 143.117.101.152:49052] 
[Wed Mar 09 18:30:01.441631 2022] [php7:notice] [pid 22436] [client 143.117.101.152:49052] 
[Wed Mar 09 18:30:01.457944 2022] [php7:notice] [pid 28119] [client 143.117.101.152:49056] 
[Wed Mar 09 18:30:01.457994 2022] [php7:notice] [pid 28119] [client 143.117.101.152:49056] 
[Wed Mar 09 18:30:01.460917 2022] [php7:notice] [pid 28119] [client 143.117.101.152:49056] 
[Wed Mar 09 18:30:01.464325 2022] [php7:warn] [pid 32650] [client 80.3.150.21:49159] PHP Warning:  count(): Parameter must be an array or an object that implements Countable in /var/www/vhosts/droddy03.webhosting6.eeecs.qub.ac.uk/httpdocs/projectcode/php_web_pages/albumList.php on line 286, referer: http://droddy03.webhosting6.eeecs.qub.ac.uk/projectcode/php_web_pages/albumList.php?yearFilter=1962
[Wed Mar 09 18:30:03.191925 2022] [php7:notice] [pid 11027] [client 80.3.150.21:49174] YEAR FOR FILTER: , referer: http://droddy03.webhosting6.eeecs.qub.ac.uk/projectcode/php_web_pages/albumList.php?yearFilter=1984
[Wed Mar 09 18:30:03.191944 2022] [php7:notice] [pid 11027] [client 80.3.150.21:49174] 1973, referer: http://droddy03.webhosting6.eeecs.qub.ac.uk/projectcode/php_web_pages/albumList.php?yearFilter=1984
[Wed Mar 09 18:30:03.205138 2022] [php7:notice] [pid 11029] [client 143.117.101.152:49068] 
[Wed Mar 09 18:30:03.205174 2022] [php7:notice] [pid 11029] [client 143.117.101.152:49068] 
[Wed Mar 09 18:30:03.205374 2022] [php7:notice] [pid 11029] [client 143.117.101.152:49068] 
[Wed Mar 09 18:30:03.205391 2022] [php7:notice] [pid 11029] [client 143.117.101.152:49068] 
[Wed Mar 09 18:30:03.221624 2022] [php7:notice] [pid 22436] [client 143.117.101.152:49072] 
[Wed Mar 09 18:30:03.221649 2022] [php7:notice] [pid 22436] [client 143.117.101.152:49072] 
[Wed Mar 09 18:30:03.221743 2022] [php7:notice] [pid 22436] [client 143.117.101.152:49072] 
[Wed Mar 09 18:30:03.224654 2022] [php7:warn] [pid 11027] [client 80.3.150.21:49174] PHP Warning:  count(): Parameter must be an array or an object that implements Countable in /var/www/vhosts/droddy03.webhosting6.eeecs.qub.ac.uk/httpdocs/projectcode/php_web_pages/albumList.php on line 286, referer: http://droddy03.webhosting6.eeecs.qub.ac.uk/projectcode/php_web_pages/albumList.php?yearFilter=1984
[Wed Mar 09 18:31:02.623574 2022] [php7:notice] [pid 22436] [client 80.3.150.21:49537] YEAR FOR FILTER: , referer: http://droddy03.webhosting6.eeecs.qub.ac.uk/projectcode/php_web_pages/albumList.php?yearFilter=1984
[Wed Mar 09 18:31:02.623616 2022] [php7:notice] [pid 22436] [client 80.3.150.21:49537] 1973, referer: http://droddy03.webhosting6.eeecs.qub.ac.uk/projectcode/php_web_pages/albumList.php?yearFilter=1984
[Wed Mar 09 18:31:02.637828 2022] [php7:notice] [pid 11027] [client 143.117.101.152:49106] 
[Wed Mar 09 18:31:02.637876 2022] [php7:notice] [pid 11027] [client 143.117.101.152:49106] 
[Wed Mar 09 18:31:02.638324 2022] [php7:notice] [pid 11027] [client 143.117.101.152:49106] 
[Wed Mar 09 18:31:02.638373 2022] [php7:notice] [pid 11027] [client 143.117.101.152:49106] 
[Wed Mar 09 18:31:02.656327 2022] [php7:notice] [pid 28119] [client 143.117.101.152:49110] 
[Wed Mar 09 18:31:02.656365 2022] [php7:notice] [pid 28119] [client 143.117.101.152:49110] 
[Wed Mar 09 18:31:02.656541 2022] [php7:notice] [pid 28119] [client 143.117.101.152:49110] 
[Wed Mar 09 18:31:02.661591 2022] [php7:warn] [pid 22436] [client 80.3.150.21:49537] PHP Warning:  count(): Parameter must be an array or an object that implements Countable in /var/www/vhosts/droddy03.webhosting6.eeecs.qub.ac.uk/httpdocs/projectcode/php_web_pages/albumList.php on line 286, referer: http://droddy03.webhosting6.eeecs.qub.ac.uk/projectcode/php_web_pages/albumList.php?yearFilter=1984
[Wed Mar 09 18:31:06.235559 2022] [php7:notice] [pid 21169] [client 80.3.150.21:49557] YEAR FOR FILTER: , referer: http://droddy03.webhosting6.eeecs.qub.ac.uk/projectcode/php_web_pages/albumList.php?yearFilter=1973
[Wed Mar 09 18:31:06.235581 2022] [php7:notice] [pid 21169] [client 80.3.150.21:49557] 2007, referer: http://droddy03.webhosting6.eeecs.qub.ac.uk/projectcode/php_web_pages/albumList.php?yearFilter=1973
[Wed Mar 09 18:31:06.243861 2022] [php7:notice] [pid 28119] [client 143.117.101.152:49116] 
[Wed Mar 09 18:31:06.243882 2022] [php7:notice] [pid 28119] [client 143.117.101.152:49116] 
[Wed Mar 09 18:31:06.244915 2022] [php7:notice] [pid 28119] [client 143.117.101.152:49116] 
[Wed Mar 09 18:31:06.244929 2022] [php7:notice] [pid 28119] [client 143.117.101.152:49116] 
[Wed Mar 09 18:31:06.258796 2022] [php7:notice] [pid 22436] [client 143.117.101.152:49120] 
[Wed Mar 09 18:31:06.258815 2022] [php7:notice] [pid 22436] [client 143.117.101.152:49120] 
[Wed Mar 09 18:31:06.259731 2022] [php7:notice] [pid 22436] [client 143.117.101.152:49120] 
[Wed Mar 09 18:31:06.262154 2022] [php7:warn] [pid 21169] [client 80.3.150.21:49557] PHP Warning:  count(): Parameter must be an array or an object that implements Countable in /var/www/vhosts/droddy03.webhosting6.eeecs.qub.ac.uk/httpdocs/projectcode/php_web_pages/albumList.php on line 286, referer: http://droddy03.webhosting6.eeecs.qub.ac.uk/projectcode/php_web_pages/albumList.php?yearFilter=1973
[Wed Mar 09 18:36:22.706776 2022] [php7:notice] [pid 27550] [client 80.3.150.21:50991] YEAR FOR FILTER: , referer: http://droddy03.webhosting6.eeecs.qub.ac.uk/projectcode/php_web_pages/albumList.php?yearFilter=1973
[Wed Mar 09 18:36:22.706825 2022] [php7:notice] [pid 27550] [client 80.3.150.21:50991] 2007, referer: http://droddy03.webhosting6.eeecs.qub.ac.uk/projectcode/php_web_pages/albumList.php?yearFilter=1973
[Wed Mar 09 18:36:22.720531 2022] [php7:notice] [pid 28119] [client 143.117.101.152:49186] 
[Wed Mar 09 18:36:22.720604 2022] [php7:notice] [pid 28119] [client 143.117.101.152:49186] 
[Wed Mar 09 18:36:22.720938 2022] [php7:notice] [pid 28119] [client 143.117.101.152:49186] 
[Wed Mar 09 18:36:22.720965 2022] [php7:notice] [pid 28119] [client 143.117.101.152:49186] 
[Wed Mar 09 18:36:22.738184 2022] [php7:notice] [pid 21273] [client 143.117.101.152:49190] 
[Wed Mar 09 18:36:22.738237 2022] [php7:notice] [pid 21273] [client 143.117.101.152:49190] 
[Wed Mar 09 18:36:22.738411 2022] [php7:notice] [pid 21273] [client 143.117.101.152:49190] 
[Wed Mar 09 18:36:22.743591 2022] [php7:warn] [pid 27550] [client 80.3.150.21:50991] PHP Warning:  count(): Parameter must be an array or an object that implements Countable in /var/www/vhosts/droddy03.webhosting6.eeecs.qub.ac.uk/httpdocs/projectcode/php_web_pages/albumList.php on line 286, referer: http://droddy03.webhosting6.eeecs.qub.ac.uk/projectcode/php_web_pages/albumList.php?yearFilter=1973
[Wed Mar 09 18:37:42.248829 2022] [php7:notice] [pid 11027] [client 80.3.150.21:51335] YEAR FOR FILTER: , referer: http://droddy03.webhosting6.eeecs.qub.ac.uk/projectcode/php_web_pages/albumList.php?yearFilter=2007
[Wed Mar 09 18:37:42.248860 2022] [php7:notice] [pid 11027] [client 80.3.150.21:51335] 1966, referer: http://droddy03.webhosting6.eeecs.qub.ac.uk/projectcode/php_web_pages/albumList.php?yearFilter=2007
[Wed Mar 09 18:37:42.258135 2022] [php7:notice] [pid 28119] [client 143.117.101.152:49202] 
[Wed Mar 09 18:37:42.258189 2022] [php7:notice] [pid 28119] [client 143.117.101.152:49202] 
[Wed Mar 09 18:37:42.261474 2022] [php7:notice] [pid 28119] [client 143.117.101.152:49202] 
[Wed Mar 09 18:37:42.261507 2022] [php7:notice] [pid 28119] [client 143.117.101.152:49202] 
[Wed Mar 09 18:37:42.278907 2022] [php7:notice] [pid 21273] [client 143.117.101.152:49206] 
[Wed Mar 09 18:37:42.278936 2022] [php7:notice] [pid 21273] [client 143.117.101.152:49206] 
[Wed Mar 09 18:37:42.280420 2022] [php7:notice] [pid 21273] [client 143.117.101.152:49206] 
[Wed Mar 09 18:37:42.286406 2022] [php7:warn] [pid 11027] [client 80.3.150.21:51335] PHP Warning:  count(): Parameter must be an array or an object that implements Countable in /var/www/vhosts/droddy03.webhosting6.eeecs.qub.ac.uk/httpdocs/projectcode/php_web_pages/albumList.php on line 286, referer: http://droddy03.webhosting6.eeecs.qub.ac.uk/projectcode/php_web_pages/albumList.php?yearFilter=2007
[Wed Mar 09 18:37:46.008768 2022] [php7:notice] [pid 21169] [client 80.3.150.21:51355] YEAR FOR FILTER: , referer: http://droddy03.webhosting6.eeecs.qub.ac.uk/projectcode/php_web_pages/albumList.php?yearFilter=1966
[Wed Mar 09 18:37:46.008819 2022] [php7:notice] [pid 21169] [client 80.3.150.21:51355] 2004, referer: http://droddy03.webhosting6.eeecs.qub.ac.uk/projectcode/php_web_pages/albumList.php?yearFilter=1966
[Wed Mar 09 18:37:46.023978 2022] [php7:notice] [pid 21279] [client 143.117.101.152:49212] 
[Wed Mar 09 18:37:46.024021 2022] [php7:notice] [pid 21279] [client 143.117.101.152:49212] 
[Wed Mar 09 18:37:46.026901 2022] [php7:notice] [pid 21279] [client 143.117.101.152:49212] 
[Wed Mar 09 18:37:46.026935 2022] [php7:notice] [pid 21279] [client 143.117.101.152:49212] 
[Wed Mar 09 18:37:46.046381 2022] [php7:notice] [pid 28119] [client 143.117.101.152:49216] 
[Wed Mar 09 18:37:46.046428 2022] [php7:notice] [pid 28119] [client 143.117.101.152:49216] 
[Wed Mar 09 18:37:46.049235 2022] [php7:notice] [pid 28119] [client 143.117.101.152:49216] 
[Wed Mar 09 18:37:46.055248 2022] [php7:warn] [pid 21169] [client 80.3.150.21:51355] PHP Warning:  count(): Parameter must be an array or an object that implements Countable in /var/www/vhosts/droddy03.webhosting6.eeecs.qub.ac.uk/httpdocs/projectcode/php_web_pages/albumList.php on line 286, referer: http://droddy03.webhosting6.eeecs.qub.ac.uk/projectcode/php_web_pages/albumList.php?yearFilter=1966
[Wed Mar 09 18:37:49.629268 2022] [php7:notice] [pid 11027] [client 80.3.150.21:51374] YEAR FOR FILTER: , referer: http://droddy03.webhosting6.eeecs.qub.ac.uk/projectcode/php_web_pages/albumList.php?yearFilter=2004
[Wed Mar 09 18:37:49.629341 2022] [php7:notice] [pid 11027] [client 80.3.150.21:51374] 2014, referer: http://droddy03.webhosting6.eeecs.qub.ac.uk/projectcode/php_web_pages/albumList.php?yearFilter=2004
[Wed Mar 09 18:37:49.641563 2022] [php7:notice] [pid 32650] [client 143.117.101.152:49222] 
[Wed Mar 09 18:37:49.641592 2022] [php7:notice] [pid 32650] [client 143.117.101.152:49222] 
[Wed Mar 09 18:37:49.642566 2022] [php7:notice] [pid 32650] [client 143.117.101.152:49222] 
[Wed Mar 09 18:37:49.642582 2022] [php7:notice] [pid 32650] [client 143.117.101.152:49222] 
[Wed Mar 09 18:37:49.657317 2022] [php7:notice] [pid 27550] [client 143.117.101.152:49226] 
[Wed Mar 09 18:37:49.657346 2022] [php7:notice] [pid 27550] [client 143.117.101.152:49226] 
[Wed Mar 09 18:37:49.658770 2022] [php7:notice] [pid 27550] [client 143.117.101.152:49226] 
[Wed Mar 09 18:37:49.662782 2022] [php7:warn] [pid 11027] [client 80.3.150.21:51374] PHP Warning:  count(): Parameter must be an array or an object that implements Countable in /var/www/vhosts/droddy03.webhosting6.eeecs.qub.ac.uk/httpdocs/projectcode/php_web_pages/albumList.php on line 286, referer: http://droddy03.webhosting6.eeecs.qub.ac.uk/projectcode/php_web_pages/albumList.php?yearFilter=2004
[Wed Mar 09 18:40:00.415034 2022] [php7:notice] [pid 28790] [client 80.3.150.21:52126] YEAR FOR FILTER: , referer: http://droddy03.webhosting6.eeecs.qub.ac.uk/projectcode/php_web_pages/albumList.php?yearFilter=2004
[Wed Mar 09 18:40:00.415130 2022] [php7:notice] [pid 28790] [client 80.3.150.21:52126] 2014, referer: http://droddy03.webhosting6.eeecs.qub.ac.uk/projectcode/php_web_pages/albumList.php?yearFilter=2004
[Wed Mar 09 18:40:00.426770 2022] [php7:notice] [pid 21279] [client 143.117.101.152:49240] 2014
[Wed Mar 09 18:40:00.427187 2022] [php7:notice] [pid 21279] [client 143.117.101.152:49240] 
[Wed Mar 09 18:40:00.427216 2022] [php7:notice] [pid 21279] [client 143.117.101.152:49240] 
[Wed Mar 09 18:40:00.427396 2022] [php7:notice] [pid 21279] [client 143.117.101.152:49240] 
[Wed Mar 09 18:40:00.427413 2022] [php7:notice] [pid 21279] [client 143.117.101.152:49240] 
[Wed Mar 09 18:40:00.446756 2022] [php7:notice] [pid 28119] [client 143.117.101.152:49244] 
[Wed Mar 09 18:40:00.446798 2022] [php7:notice] [pid 28119] [client 143.117.101.152:49244] 
[Wed Mar 09 18:40:00.447002 2022] [php7:notice] [pid 28119] [client 143.117.101.152:49244] 
[Wed Mar 09 18:40:00.453342 2022] [php7:warn] [pid 28790] [client 80.3.150.21:52126] PHP Warning:  count(): Parameter must be an array or an object that implements Countable in /var/www/vhosts/droddy03.webhosting6.eeecs.qub.ac.uk/httpdocs/projectcode/php_web_pages/albumList.php on line 286, referer: http://droddy03.webhosting6.eeecs.qub.ac.uk/projectcode/php_web_pages/albumList.php?yearFilter=2004
[Wed Mar 09 18:45:39.056395 2022] [php7:notice] [pid 28790] [client 80.3.150.21:53642] YEAR FOR FILTER: , referer: http://droddy03.webhosting6.eeecs.qub.ac.uk/projectcode/php_web_pages/albumList.php?yearFilter=2004
[Wed Mar 09 18:45:39.056446 2022] [php7:notice] [pid 28790] [client 80.3.150.21:53642] 2014, referer: http://droddy03.webhosting6.eeecs.qub.ac.uk/projectcode/php_web_pages/albumList.php?yearFilter=2004
[Wed Mar 09 18:45:39.070629 2022] [php7:notice] [pid 21273] [client 143.117.101.152:49272] 2014
[Wed Mar 09 18:45:39.071347 2022] [php7:notice] [pid 21273] [client 143.117.101.152:49272] 
[Wed Mar 09 18:45:39.071388 2022] [php7:notice] [pid 21273] [client 143.117.101.152:49272] 
[Wed Mar 09 18:45:39.071631 2022] [php7:notice] [pid 21273] [client 143.117.101.152:49272] 
[Wed Mar 09 18:45:39.071656 2022] [php7:notice] [pid 21273] [client 143.117.101.152:49272] 
[Wed Mar 09 18:45:39.086467 2022] [php7:notice] [pid 21169] [client 143.117.101.152:49276] 
[Wed Mar 09 18:45:39.086503 2022] [php7:notice] [pid 21169] [client 143.117.101.152:49276] 
[Wed Mar 09 18:45:39.086661 2022] [php7:notice] [pid 21169] [client 143.117.101.152:49276] 
[Wed Mar 09 18:45:39.090892 2022] [php7:warn] [pid 28790] [client 80.3.150.21:53642] PHP Warning:  count(): Parameter must be an array or an object that implements Countable in /var/www/vhosts/droddy03.webhosting6.eeecs.qub.ac.uk/httpdocs/projectcode/php_web_pages/albumList.php on line 286, referer: http://droddy03.webhosting6.eeecs.qub.ac.uk/projectcode/php_web_pages/albumList.php?yearFilter=2004
[Wed Mar 09 18:45:41.024160 2022] [php7:notice] [pid 21279] [client 80.3.150.21:53649] YEAR FOR FILTER: , referer: http://droddy03.webhosting6.eeecs.qub.ac.uk/projectcode/php_web_pages/albumList.php?yearFilter=2004
[Wed Mar 09 18:45:41.024213 2022] [php7:notice] [pid 21279] [client 80.3.150.21:53649] 2014, referer: http://droddy03.webhosting6.eeecs.qub.ac.uk/projectcode/php_web_pages/albumList.php?yearFilter=2004
[Wed Mar 09 18:45:41.036239 2022] [php7:notice] [pid 28119] [client 143.117.101.152:49282] 2014
[Wed Mar 09 18:45:41.036791 2022] [php7:notice] [pid 28119] [client 143.117.101.152:49282] 
[Wed Mar 09 18:45:41.036833 2022] [php7:notice] [pid 28119] [client 143.117.101.152:49282] 
[Wed Mar 09 18:45:41.037103 2022] [php7:notice] [pid 28119] [client 143.117.101.152:49282] 
[Wed Mar 09 18:45:41.037129 2022] [php7:notice] [pid 28119] [client 143.117.101.152:49282] 
[Wed Mar 09 18:45:41.055762 2022] [php7:notice] [pid 21273] [client 143.117.101.152:49286] 
[Wed Mar 09 18:45:41.055800 2022] [php7:notice] [pid 21273] [client 143.117.101.152:49286] 
[Wed Mar 09 18:45:41.055963 2022] [php7:notice] [pid 21273] [client 143.117.101.152:49286] 
[Wed Mar 09 18:45:41.059725 2022] [php7:warn] [pid 21279] [client 80.3.150.21:53649] PHP Warning:  count(): Parameter must be an array or an object that implements Countable in /var/www/vhosts/droddy03.webhosting6.eeecs.qub.ac.uk/httpdocs/projectcode/php_web_pages/albumList.php on line 286, referer: http://droddy03.webhosting6.eeecs.qub.ac.uk/projectcode/php_web_pages/albumList.php?yearFilter=2004
[Wed Mar 09 18:46:25.044341 2022] [php7:notice] [pid 28790] [client 80.3.150.21:53948] YEAR FOR FILTER: , referer: http://droddy03.webhosting6.eeecs.qub.ac.uk/projectcode/php_web_pages/albumList.php?yearFilter=2004
[Wed Mar 09 18:46:25.044385 2022] [php7:notice] [pid 28790] [client 80.3.150.21:53948] 2014, referer: http://droddy03.webhosting6.eeecs.qub.ac.uk/projectcode/php_web_pages/albumList.php?yearFilter=2004
[Wed Mar 09 18:46:25.072951 2022] [php7:notice] [pid 27550] [client 143.117.101.152:49298] 
[Wed Mar 09 18:46:25.072978 2022] [php7:notice] [pid 27550] [client 143.117.101.152:49298] 
[Wed Mar 09 18:46:25.073097 2022] [php7:notice] [pid 27550] [client 143.117.101.152:49298] 
[Wed Mar 09 18:46:25.073116 2022] [php7:notice] [pid 27550] [client 143.117.101.152:49298] Result: 
[Wed Mar 09 18:46:25.073127 2022] [php7:notice] [pid 27550] [client 143.117.101.152:49298] mysqli_result Object\n(\n    [current_field] => 0\n    [field_count] => 15\n    [lengths] => \n    [num_rows] => 0\n    [type] => 0\n)\n
[Wed Mar 09 18:46:25.076656 2022] [php7:warn] [pid 28790] [client 80.3.150.21:53948] PHP Warning:  count(): Parameter must be an array or an object that implements Countable in /var/www/vhosts/droddy03.webhosting6.eeecs.qub.ac.uk/httpdocs/projectcode/php_web_pages/albumList.php on line 286, referer: http://droddy03.webhosting6.eeecs.qub.ac.uk/projectcode/php_web_pages/albumList.php?yearFilter=2004
[Wed Mar 09 18:46:26.860710 2022] [php7:notice] [pid 21279] [client 80.3.150.21:53961] YEAR FOR FILTER: , referer: http://droddy03.webhosting6.eeecs.qub.ac.uk/projectcode/php_web_pages/albumList.php?yearFilter=2004
[Wed Mar 09 18:46:26.860760 2022] [php7:notice] [pid 21279] [client 80.3.150.21:53961] 2014, referer: http://droddy03.webhosting6.eeecs.qub.ac.uk/projectcode/php_web_pages/albumList.php?yearFilter=2004
[Wed Mar 09 18:46:26.892424 2022] [php7:notice] [pid 32650] [client 143.117.101.152:49308] 
[Wed Mar 09 18:46:26.892454 2022] [php7:notice] [pid 32650] [client 143.117.101.152:49308] 
[Wed Mar 09 18:46:26.892541 2022] [php7:notice] [pid 32650] [client 143.117.101.152:49308] 
[Wed Mar 09 18:46:26.892556 2022] [php7:notice] [pid 32650] [client 143.117.101.152:49308] Result: 
[Wed Mar 09 18:46:26.892566 2022] [php7:notice] [pid 32650] [client 143.117.101.152:49308] mysqli_result Object\n(\n    [current_field] => 0\n    [field_count] => 15\n    [lengths] => \n    [num_rows] => 0\n    [type] => 0\n)\n
[Wed Mar 09 18:46:26.899036 2022] [php7:warn] [pid 21279] [client 80.3.150.21:53961] PHP Warning:  count(): Parameter must be an array or an object that implements Countable in /var/www/vhosts/droddy03.webhosting6.eeecs.qub.ac.uk/httpdocs/projectcode/php_web_pages/albumList.php on line 286, referer: http://droddy03.webhosting6.eeecs.qub.ac.uk/projectcode/php_web_pages/albumList.php?yearFilter=2004
